// Jest Snapshot v1, https://goo.gl/fbAQLP

exports[`Given the SideMenuItem component when the component is rendered should match the snapshot 1`] = `
<ForwardRef(styled.div)
  active={true}
  onClick={[Function]}
>
  text
</ForwardRef(styled.div)>
`;
