// Jest Snapshot v1, https://goo.gl/fbAQLP

exports[`Given the ThemesTabItem component when the component is rendered should match the snapshot 1`] = `
<ForwardRef(styled.div)
  id="1"
  onClick={[Function]}
>
  1
</ForwardRef(styled.div)>
`;
