// Jest Snapshot v1, https://goo.gl/fbAQLP

exports[`Given the LeaguesTabItem component when the component is rendered should match the snapshot 1`] = `
<ForwardRef(styled.div)>
  <div>
    Test name
  </div>
  <div>
    GBR
  </div>
</ForwardRef(styled.div)>
`;
